Archive member included to satisfy reference by file (symbol)

c:/st/stm32cubeide_1.6.1/stm32cubeide/plugins/com.st.stm32cube.ide.mcu.externaltools.gnu-tools-for-stm32.9-2020-q2-update.win32_1.5.0.202011040924/tools/bin/../lib/gcc/arm-none-eabi/9.3.1/../../../../arm-none-eabi/lib/thumb/v7e-m+fp/hard\libc_nano.a(lib_a-errno.o)
                              Core/Src/syscalls.o (__errno)
c:/st/stm32cubeide_1.6.1/stm32cubeide/plugins/com.st.stm32cube.ide.mcu.externaltools.gnu-tools-for-stm32.9-2020-q2-update.win32_1.5.0.202011040924/tools/bin/../lib/gcc/arm-none-eabi/9.3.1/../../../../arm-none-eabi/lib/thumb/v7e-m+fp/hard\libc_nano.a(lib_a-exit.o)
                              c:/st/stm32cubeide_1.6.1/stm32cubeide/plugins/com.st.stm32cube.ide.mcu.externaltools.gnu-tools-for-stm32.9-2020-q2-update.win32_1.5.0.202011040924/tools/bin/../lib/gcc/arm-none-eabi/9.3.1/../../../../arm-none-eabi/lib/thumb/v7e-m+fp/hard/crt0.o (exit)
c:/st/stm32cubeide_1.6.1/stm32cubeide/plugins/com.st.stm32cube.ide.mcu.externaltools.gnu-tools-for-stm32.9-2020-q2-update.win32_1.5.0.202011040924/tools/bin/../lib/gcc/arm-none-eabi/9.3.1/../../../../arm-none-eabi/lib/thumb/v7e-m+fp/hard\libc_nano.a(lib_a-impure.o)
                              c:/st/stm32cubeide_1.6.1/stm32cubeide/plugins/com.st.stm32cube.ide.mcu.externaltools.gnu-tools-for-stm32.9-2020-q2-update.win32_1.5.0.202011040924/tools/bin/../lib/gcc/arm-none-eabi/9.3.1/../../../../arm-none-eabi/lib/thumb/v7e-m+fp/hard\libc_nano.a(lib_a-exit.o) (_global_impure_ptr)
c:/st/stm32cubeide_1.6.1/stm32cubeide/plugins/com.st.stm32cube.ide.mcu.externaltools.gnu-tools-for-stm32.9-2020-q2-update.win32_1.5.0.202011040924/tools/bin/../lib/gcc/arm-none-eabi/9.3.1/../../../../arm-none-eabi/lib/thumb/v7e-m+fp/hard\libc_nano.a(lib_a-init.o)
                              c:/st/stm32cubeide_1.6.1/stm32cubeide/plugins/com.st.stm32cube.ide.mcu.externaltools.gnu-tools-for-stm32.9-2020-q2-update.win32_1.5.0.202011040924/tools/bin/../lib/gcc/arm-none-eabi/9.3.1/../../../../arm-none-eabi/lib/thumb/v7e-m+fp/hard/crt0.o (__libc_init_array)
c:/st/stm32cubeide_1.6.1/stm32cubeide/plugins/com.st.stm32cube.ide.mcu.externaltools.gnu-tools-for-stm32.9-2020-q2-update.win32_1.5.0.202011040924/tools/bin/../lib/gcc/arm-none-eabi/9.3.1/../../../../arm-none-eabi/lib/thumb/v7e-m+fp/hard\libc_nano.a(lib_a-memset.o)
                              c:/st/stm32cubeide_1.6.1/stm32cubeide/plugins/com.st.stm32cube.ide.mcu.externaltools.gnu-tools-for-stm32.9-2020-q2-update.win32_1.5.0.202011040924/tools/bin/../lib/gcc/arm-none-eabi/9.3.1/../../../../arm-none-eabi/lib/thumb/v7e-m+fp/hard/crt0.o (memset)
c:/st/stm32cubeide_1.6.1/stm32cubeide/plugins/com.st.stm32cube.ide.mcu.externaltools.gnu-tools-for-stm32.9-2020-q2-update.win32_1.5.0.202011040924/tools/bin/../lib/gcc/arm-none-eabi/9.3.1/../../../../arm-none-eabi/lib/thumb/v7e-m+fp/hard\libc_nano.a(lib_a-strstr.o)
                              Core/Src/WifiConnectDataParse.o (strstr)
c:/st/stm32cubeide_1.6.1/stm32cubeide/plugins/com.st.stm32cube.ide.mcu.externaltools.gnu-tools-for-stm32.9-2020-q2-update.win32_1.5.0.202011040924/tools/bin/../lib/gcc/arm-none-eabi/9.3.1/thumb/v7e-m+fp/hard\libgcc.a(_aeabi_uldivmod.o)
                              Drivers/STM32F4xx_HAL_Driver/Src/stm32f4xx_hal_rcc.o (__aeabi_uldivmod)
c:/st/stm32cubeide_1.6.1/stm32cubeide/plugins/com.st.stm32cube.ide.mcu.externaltools.gnu-tools-for-stm32.9-2020-q2-update.win32_1.5.0.202011040924/tools/bin/../lib/gcc/arm-none-eabi/9.3.1/thumb/v7e-m+fp/hard\libgcc.a(_udivmoddi4.o)
                              c:/st/stm32cubeide_1.6.1/stm32cubeide/plugins/com.st.stm32cube.ide.mcu.externaltools.gnu-tools-for-stm32.9-2020-q2-update.win32_1.5.0.202011040924/tools/bin/../lib/gcc/arm-none-eabi/9.3.1/thumb/v7e-m+fp/hard\libgcc.a(_aeabi_uldivmod.o) (__udivmoddi4)
c:/st/stm32cubeide_1.6.1/stm32cubeide/plugins/com.st.stm32cube.ide.mcu.externaltools.gnu-tools-for-stm32.9-2020-q2-update.win32_1.5.0.202011040924/tools/bin/../lib/gcc/arm-none-eabi/9.3.1/thumb/v7e-m+fp/hard\libgcc.a(_dvmd_tls.o)
                              c:/st/stm32cubeide_1.6.1/stm32cubeide/plugins/com.st.stm32cube.ide.mcu.externaltools.gnu-tools-for-stm32.9-2020-q2-update.win32_1.5.0.202011040924/tools/bin/../lib/gcc/arm-none-eabi/9.3.1/thumb/v7e-m+fp/hard\libgcc.a(_aeabi_uldivmod.o) (__aeabi_ldiv0)

Allocating common symbols
Common symbol       size              file

uwTick              0x4               Drivers/STM32F4xx_HAL_Driver/Src/stm32f4xx_hal.o
pFlash              0x20              Drivers/STM32F4xx_HAL_Driver/Src/stm32f4xx_hal_flash.o
huart1              0x44              Core/Src/main.o
ESP_Gelen_Data      0x1388            Core/Src/WifiConnectDataParse.o
ESP_Gelen_Data1     0x1388            Core/Src/ClosetParse.o
huart2              0x44              Core/Src/main.o

Discarded input sections

[...]
Memory Configuration

Name             Origin             Length             Attributes
RAM              0x0000000020000000 0x0000000000018000 xrw
FLASH            0x0000000008000000 0x0000000000080000 xr
*default*        0x0000000000000000 0xffffffffffffffff

Linker script and memory map

LOAD c:/st/stm32cubeide_1.6.1/stm32cubeide/plugins/com.st.stm32cube.ide.mcu.externaltools.gnu-tools-for-stm32.9-2020-q2-update.win32_1.5.0.202011040924/tools/bin/../lib/gcc/arm-none-eabi/9.3.1/thumb/v7e-m+fp/hard/crti.o
LOAD c:/st/stm32cubeide_1.6.1/stm32cubeide/plugins/com.st.stm32cube.ide.mcu.externaltools.gnu-tools-for-stm32.9-2020-q2-update.win32_1.5.0.202011040924/tools/bin/../lib/gcc/arm-none-eabi/9.3.1/thumb/v7e-m+fp/hard/crtbegin.o
LOAD c:/st/stm32cubeide_1.6.1/stm32cubeide/plugins/com.st.stm32cube.ide.mcu.externaltools.gnu-tools-for-stm32.9-2020-q2-update.win32_1.5.0.202011040924/tools/bin/../lib/gcc/arm-none-eabi/9.3.1/../../../../arm-none-eabi/lib/thumb/v7e-m+fp/hard/crt0.o
LOAD Core/Src/ClosetParse.o
LOAD Core/Src/WifiConnectDataParse.o
LOAD Core/Src/main.o
LOAD Core/Src/stm32f4xx_hal_msp.o
LOAD Core/Src/stm32f4xx_it.o
LOAD Core/Src/syscalls.o
LOAD Core/Src/sysmem.o
LOAD Core/Src/system_stm32f4xx.o
LOAD Core/Startup/startup_stm32f401retx.o
LOAD Drivers/STM32F4xx_HAL_Driver/Src/stm32f4xx_hal.o
LOAD Drivers/STM32F4xx_HAL_Driver/Src/stm32f4xx_hal_cortex.o
LOAD Drivers/STM32F4xx_HAL_Driver/Src/stm32f4xx_hal_dma.o
LOAD Drivers/STM32F4xx_HAL_Driver/Src/stm32f4xx_hal_dma_ex.o
LOAD Drivers/STM32F4xx_HAL_Driver/Src/stm32f4xx_hal_exti.o
LOAD Drivers/STM32F4xx_HAL_Driver/Src/stm32f4xx_hal_flash.o
LOAD Drivers/STM32F4xx_HAL_Driver/Src/stm32f4xx_hal_flash_ex.o
LOAD Drivers/STM32F4xx_HAL_Driver/Src/stm32f4xx_hal_flash_ramfunc.o
LOAD Drivers/STM32F4xx_HAL_Driver/Src/stm32f4xx_hal_gpio.o
LOAD Drivers/STM32F4xx_HAL_Driver/Src/stm32f4xx_hal_pwr.o
LOAD Drivers/STM32F4xx_HAL_Driver/Src/stm32f4xx_hal_pwr_ex.o
LOAD Drivers/STM32F4xx_HAL_Driver/Src/stm32f4xx_hal_rcc.o
LOAD Drivers/STM32F4xx_HAL_Driver/Src/stm32f4xx_hal_rcc_ex.o
LOAD Drivers/STM32F4xx_HAL_Driver/Src/stm32f4xx_hal_tim.o
LOAD Drivers/STM32F4xx_HAL_Driver/Src/stm32f4xx_hal_tim_ex.o
LOAD Drivers/STM32F4xx_HAL_Driver/Src/stm32f4xx_hal_uart.o
START GROUP
LOAD c:/st/stm32cubeide_1.6.1/stm32cubeide/plugins/com.st.stm32cube.ide.mcu.externaltools.gnu-tools-for-stm32.9-2020-q2-update.win32_1.5.0.202011040924/tools/bin/../lib/gcc/arm-none-eabi/9.3.1/../../../../arm-none-eabi/lib/thumb/v7e-m+fp/hard\libstdc++_nano.a
LOAD c:/st/stm32cubeide_1.6.1/stm32cubeide/plugins/com.st.stm32cube.ide.mcu.externaltools.gnu-tools-for-stm32.9-2020-q2-update.win32_1.5.0.202011040924/tools/bin/../lib/gcc/arm-none-eabi/9.3.1/../../../../arm-none-eabi/lib/thumb/v7e-m+fp/hard\libsupc++_nano.a
END GROUP
LOAD c:/st/stm32cubeide_1.6.1/stm32cubeide/plugins/com.st.stm32cube.ide.mcu.externaltools.gnu-tools-for-stm32.9-2020-q2-update.win32_1.5.0.202011040924/tools/bin/../lib/gcc/arm-none-eabi/9.3.1/../../../../arm-none-eabi/lib/thumb/v7e-m+fp/hard\libstdc++_nano.a
LOAD c:/st/stm32cubeide_1.6.1/stm32cubeide/plugins/com.st.stm32cube.ide.mcu.externaltools.gnu-tools-for-stm32.9-2020-q2-update.win32_1.5.0.202011040924/tools/bin/../lib/gcc/arm-none-eabi/9.3.1/../../../../arm-none-eabi/lib/thumb/v7e-m+fp/hard\libm.a
LOAD c:/st/stm32cubeide_1.6.1/stm32cubeide/plugins/com.st.stm32cube.ide.mcu.externaltools.gnu-tools-for-stm32.9-2020-q2-update.win32_1.5.0.202011040924/tools/bin/../lib/gcc/arm-none-eabi/9.3.1/../../../../arm-none-eabi/lib/thumb/v7e-m+fp/hard\libc_nano.a
START GROUP
LOAD c:/st/stm32cubeide_1.6.1/stm32cubeide/plugins/com.st.stm32cube.ide.mcu.externaltools.gnu-tools-for-stm32.9-2020-q2-update.win32_1.5.0.202011040924/tools/bin/../lib/gcc/arm-none-eabi/9.3.1/thumb/v7e-m+fp/hard\libgcc.a
LOAD c:/st/stm32cubeide_1.6.1/stm32cubeide/plugins/com.st.stm32cube.ide.mcu.externaltools.gnu-tools-for-stm32.9-2020-q2-update.win32_1.5.0.202011040924/tools/bin/../lib/gcc/arm-none-eabi/9.3.1/../../../../arm-none-eabi/lib/thumb/v7e-m+fp/hard\libc_nano.a
END GROUP
START GROUP
LOAD c:/st/stm32cubeide_1.6.1/stm32cubeide/plugins/com.st.stm32cube.ide.mcu.externaltools.gnu-tools-for-stm32.9-2020-q2-update.win32_1.5.0.202011040924/tools/bin/../lib/gcc/arm-none-eabi/9.3.1/thumb/v7e-m+fp/hard\libgcc.a
LOAD c:/st/stm32cubeide_1.6.1/stm32cubeide/plugins/com.st.stm32cube.ide.mcu.externaltools.gnu-tools-for-stm32.9-2020-q2-update.win32_1.5.0.202011040924/tools/bin/../lib/gcc/arm-none-eabi/9.3.1/../../../../arm-none-eabi/lib/thumb/v7e-m+fp/hard\libc_nano.a
LOAD c:/st/stm32cubeide_1.6.1/stm32cubeide/plugins/com.st.stm32cube.ide.mcu.externaltools.gnu-tools-for-stm32.9-2020-q2-update.win32_1.5.0.202011040924/tools/bin/../lib/gcc/arm-none-eabi/9.3.1/../../../../arm-none-eabi/lib/thumb/v7e-m+fp/hard\libnosys.a
END GROUP
START GROUP
LOAD c:/st/stm32cubeide_1.6.1/stm32cubeide/plugins/com.st.stm32cube.ide.mcu.externaltools.gnu-tools-for-stm32.9-2020-q2-update.win32_1.5.0.202011040924/tools/bin/../lib/gcc/arm-none-eabi/9.3.1/thumb/v7e-m+fp/hard\libgcc.a
LOAD c:/st/stm32cubeide_1.6.1/stm32cubeide/plugins/com.st.stm32cube.ide.mcu.externaltools.gnu-tools-for-stm32.9-2020-q2-update.win32_1.5.0.202011040924/tools/bin/../lib/gcc/arm-none-eabi/9.3.1/../../../../arm-none-eabi/lib/thumb/v7e-m+fp/hard\libc_nano.a
LOAD c:/st/stm32cubeide_1.6.1/stm32cubeide/plugins/com.st.stm32cube.ide.mcu.externaltools.gnu-tools-for-stm32.9-2020-q2-update.win32_1.5.0.202011040924/tools/bin/../lib/gcc/arm-none-eabi/9.3.1/../../../../arm-none-eabi/lib/thumb/v7e-m+fp/hard\libnosys.a
END GROUP
LOAD c:/st/stm32cubeide_1.6.1/stm32cubeide/plugins/com.st.stm32cube.ide.mcu.externaltools.gnu-tools-for-stm32.9-2020-q2-update.win32_1.5.0.202011040924/tools/bin/../lib/gcc/arm-none-eabi/9.3.1/thumb/v7e-m+fp/hard/crtend.o
LOAD c:/st/stm32cubeide_1.6.1/stm32cubeide/plugins/com.st.stm32cube.ide.mcu.externaltools.gnu-tools-for-stm32.9-2020-q2-update.win32_1.5.0.202011040924/tools/bin/../lib/gcc/arm-none-eabi/9.3.1/thumb/v7e-m+fp/hard/crtn.o
                0x0000000020018000                _estack = (ORIGIN (RAM) + LENGTH (RAM))
                0x0000000000000200                _Min_Heap_Size = 0x200
                0x0000000000000400                _Min_Stack_Size = 0x400

.isr_vector     0x0000000008000000      0x194
                0x0000000008000000                . = ALIGN (0x4)
 *(.isr_vector)
 .isr_vector    0x0000000008000000      0x194 Core/Startup/startup_stm32f401retx.o
                0x0000000008000000                g_pfnVectors
                0x0000000008000194                . = ALIGN (0x4)

.text           0x0000000008000194     0x2cdc
                0x0000000008000194                . = ALIGN (0x4)
 *(.text)
 .text          0x0000000008000194       0x40 c:/st/stm32cubeide_1.6.1/stm32cubeide/plugins/com.st.stm32cube.ide.mcu.externaltools.gnu-tools-for-stm32.9-2020-q2-update.win32_1.5.0.202011040924/tools/bin/../lib/gcc/arm-none-eabi/9.3.1/thumb/v7e-m+fp/hard/crtbegin.o
 .text          0x00000000080001d4       0x30 c:/st/stm32cubeide_1.6.1/stm32cubeide/plugins/com.st.stm32cube.ide.mcu.externaltools.gnu-tools-for-stm32.9-2020-q2-update.win32_1.5.0.202011040924/tools/bin/../lib/gcc/arm-none-eabi/9.3.1/thumb/v7e-m+fp/hard\libgcc.a(_aeabi_uldivmod.o)
                0x00000000080001d4                __aeabi_uldivmod
 .text          0x0000000008000204      0x2c4 c:/st/stm32cubeide_1.6.1/stm32cubeide/plugins/com.st.stm32cube.ide.mcu.externaltools.gnu-tools-for-stm32.9-2020-q2-update.win32_1.5.0.202011040924/tools/bin/../lib/gcc/arm-none-eabi/9.3.1/thumb/v7e-m+fp/hard\libgcc.a(_udivmoddi4.o)
                0x0000000008000204                __udivmoddi4
 .text          0x00000000080004c8        0x4 c:/st/stm32cubeide_1.6.1/stm32cubeide/plugins/com.st.stm32cube.ide.mcu.externaltools.gnu-tools-for-stm32.9-2020-q2-update.win32_1.5.0.202011040924/tools/bin/../lib/gcc/arm-none-eabi/9.3.1/thumb/v7e-m+fp/hard\libgcc.a(_dvmd_tls.o)
                0x00000000080004c8                __aeabi_idiv0
                0x00000000080004c8                __aeabi_ldiv0
 *(.text*)
 .text.BufferReset
                0x00000000080004cc       0x38 Core/Src/ClosetParse.o
                0x00000000080004cc                BufferReset
 .text.PcDolapAcKapat
                0x0000000008000504       0xcc Core/Src/ClosetParse.o
                0x0000000008000504                PcDolapAcKapat
 .text.BufferReset1
                0x00000000080005d0       0x38 Core/Src/WifiConnectDataParse.o
                0x00000000080005d0                BufferReset1
 .text.DataConnectionControl
                0x0000000008000608      0x230 Core/Src/WifiConnectDataParse.o
                0x0000000008000608                DataConnectionControl
 .text.HAL_UART_RxCpltCallback
                0x0000000008000838       0x9c Core/Src/main.o
                0x0000000008000838                HAL_UART_RxCpltCallback
 .text.main     0x00000000080008d4       0x4c Core/Src/main.o
                0x00000000080008d4                main
 .text.SystemClock_Config
                0x0000000008000920       0xd8 Core/Src/main.o
                0x0000000008000920                SystemClock_Config
 .text.MX_USART1_UART_Init
                0x00000000080009f8       0x54 Core/Src/main.o
 .text.MX_USART2_UART_Init
                0x0000000008000a4c       0x54 Core/Src/main.o
 .text.MX_GPIO_Init
                0x0000000008000aa0       0xa0 Core/Src/main.o
 .text.Error_Handler
                0x0000000008000b40        0xa Core/Src/main.o
                0x0000000008000b40                Error_Handler
 *fill*         0x0000000008000b4a        0x2 
 .text.HAL_MspInit
                0x0000000008000b4c       0x50 Core/Src/stm32f4xx_hal_msp.o
                0x0000000008000b4c                HAL_MspInit
 .text.HAL_UART_MspInit
                0x0000000008000b9c      0x118 Core/Src/stm32f4xx_hal_msp.o
                0x0000000008000b9c                HAL_UART_MspInit
 .text.NMI_Handler
                0x0000000008000cb4        0x6 Core/Src/stm32f4xx_it.o
                0x0000000008000cb4                NMI_Handler
 .text.HardFault_Handler
                0x0000000008000cba        0x6 Core/Src/stm32f4xx_it.o
                0x0000000008000cba                HardFault_Handler
 .text.MemManage_Handler
                0x0000000008000cc0        0x6 Core/Src/stm32f4xx_it.o
                0x0000000008000cc0                MemManage_Handler
 .text.BusFault_Handler
                0x0000000008000cc6        0x6 Core/Src/stm32f4xx_it.o
                0x0000000008000cc6                BusFault_Handler
 .text.UsageFault_Handler
                0x0000000008000ccc        0x6 Core/Src/stm32f4xx_it.o
                0x0000000008000ccc                UsageFault_Handler
 .text.SVC_Handler
                0x0000000008000cd2        0xe Core/Src/stm32f4xx_it.o
                0x0000000008000cd2                SVC_Handler
 .text.DebugMon_Handler
                0x0000000008000ce0        0xe Core/Src/stm32f4xx_it.o
                0x0000000008000ce0                DebugMon_Handler
 .text.PendSV_Handler
                0x0000000008000cee        0xe Core/Src/stm32f4xx_it.o
                0x0000000008000cee                PendSV_Handler
 .text.SysTick_Handler
                0x0000000008000cfc        0xc Core/Src/stm32f4xx_it.o
                0x0000000008000cfc                SysTick_Handler
 .text.USART1_IRQHandler
                0x0000000008000d08       0x14 Core/Src/stm32f4xx_it.o
                0x0000000008000d08                USART1_IRQHandler
 .text.USART2_IRQHandler
                0x0000000008000d1c       0x14 Core/Src/stm32f4xx_it.o
                0x0000000008000d1c                USART2_IRQHandler
 .text.SystemInit
                0x0000000008000d30       0x24 Core/Src/system_stm32f4xx.o
                0x0000000008000d30                SystemInit
 .text.Reset_Handler
                0x0000000008000d54       0x50 Core/Startup/startup_stm32f401retx.o
                0x0000000008000d54                Reset_Handler
 .text.Default_Handler
                0x0000000008000da4        0x2 Core/Startup/startup_stm32f401retx.o
                0x0000000008000da4                RTC_Alarm_IRQHandler
                0x0000000008000da4                EXTI2_IRQHandler
                0x0000000008000da4                SPI4_IRQHandler
                0x0000000008000da4                TIM1_CC_IRQHandler
                0x0000000008000da4                DMA2_Stream5_IRQHandler
                0x0000000008000da4                DMA1_Stream5_IRQHandler
                0x0000000008000da4                PVD_IRQHandler
                0x0000000008000da4                SDIO_IRQHandler
                0x0000000008000da4                TAMP_STAMP_IRQHandler
                0x0000000008000da4                EXTI3_IRQHandler
                0x0000000008000da4                TIM1_UP_TIM10_IRQHandler
                0x0000000008000da4                I2C3_ER_IRQHandler
                0x0000000008000da4                EXTI0_IRQHandler
                0x0000000008000da4                I2C2_EV_IRQHandler
                0x0000000008000da4                DMA1_Stream2_IRQHandler
                0x0000000008000da4                FPU_IRQHandler
                0x0000000008000da4                DMA2_Stream2_IRQHandler
                0x0000000008000da4                SPI1_IRQHandler
                0x0000000008000da4                TIM1_BRK_TIM9_IRQHandler
                0x0000000008000da4                DMA2_Stream3_IRQHandler
                0x0000000008000da4                USART6_IRQHandler
                0x0000000008000da4                DMA2_Stream0_IRQHandler
                0x0000000008000da4                TIM4_IRQHandler
                0x0000000008000da4                I2C1_EV_IRQHandler
                0x0000000008000da4                DMA1_Stream6_IRQHandler
                0x0000000008000da4                DMA1_Stream1_IRQHandler
                0x0000000008000da4                TIM3_IRQHandler
                0x0000000008000da4                RCC_IRQHandler
                0x0000000008000da4                Default_Handler
                0x0000000008000da4                EXTI15_10_IRQHandler
                0x0000000008000da4                ADC_IRQHandler
                0x0000000008000da4                DMA1_Stream7_IRQHandler
                0x0000000008000da4                TIM5_IRQHandler
                0x0000000008000da4                DMA2_Stream7_IRQHandler
                0x0000000008000da4                I2C3_EV_IRQHandler
                0x0000000008000da4                EXTI9_5_IRQHandler
                0x0000000008000da4                RTC_WKUP_IRQHandler
                0x0000000008000da4                SPI2_IRQHandler
                0x0000000008000da4                DMA1_Stream0_IRQHandler
                0x0000000008000da4                EXTI4_IRQHandler
                0x0000000008000da4                WWDG_IRQHandler
                0x0000000008000da4                TIM2_IRQHandler
                0x0000000008000da4                OTG_FS_WKUP_IRQHandler
                0x0000000008000da4                TIM1_TRG_COM_TIM11_IRQHandler
                0x0000000008000da4                EXTI1_IRQHandler
                0x0000000008000da4                I2C2_ER_IRQHandler
                0x0000000008000da4                DMA2_Stream1_IRQHandler
                0x0000000008000da4                FLASH_IRQHandler
                0x0000000008000da4                DMA2_Stream4_IRQHandler
                0x0000000008000da4                OTG_FS_IRQHandler
                0x0000000008000da4                SPI3_IRQHandler
                0x0000000008000da4                DMA1_Stream4_IRQHandler
                0x0000000008000da4                I2C1_ER_IRQHandler
                0x0000000008000da4                DMA2_Stream6_IRQHandler
                0x0000000008000da4                DMA1_Stream3_IRQHandler
 *fill*         0x0000000008000da6        0x2 
 .text.HAL_Init
                0x0000000008000da8       0x44 Drivers/STM32F4xx_HAL_Driver/Src/stm32f4xx_hal.o
                0x0000000008000da8                HAL_Init
 .text.HAL_InitTick
                0x0000000008000dec       0x60 Drivers/STM32F4xx_HAL_Driver/Src/stm32f4xx_hal.o
                0x0000000008000dec                HAL_InitTick
 .text.HAL_IncTick
                0x0000000008000e4c       0x28 Drivers/STM32F4xx_HAL_Driver/Src/stm32f4xx_hal.o
                0x0000000008000e4c                HAL_IncTick
 .text.HAL_GetTick
                0x0000000008000e74       0x18 Drivers/STM32F4xx_HAL_Driver/Src/stm32f4xx_hal.o
                0x0000000008000e74                HAL_GetTick
 .text.HAL_Delay
                0x0000000008000e8c       0x48 Drivers/STM32F4xx_HAL_Driver/Src/stm32f4xx_hal.o
                0x0000000008000e8c                HAL_Delay
 .text.__NVIC_SetPriorityGrouping
                0x0000000008000ed4       0x48 Drivers/STM32F4xx_HAL_Driver/Src/stm32f4xx_hal_cortex.o
 .text.__NVIC_GetPriorityGrouping
                0x0000000008000f1c       0x1c Drivers/STM32F4xx_HAL_Driver/Src/stm32f4xx_hal_cortex.o
 .text.__NVIC_EnableIRQ
                0x0000000008000f38       0x3c Drivers/STM32F4xx_HAL_Driver/Src/stm32f4xx_hal_cortex.o
 .text.__NVIC_SetPriority
                0x0000000008000f74       0x54 Drivers/STM32F4xx_HAL_Driver/Src/stm32f4xx_hal_cortex.o
 .text.NVIC_EncodePriority
                0x0000000008000fc8       0x66 Drivers/STM32F4xx_HAL_Driver/Src/stm32f4xx_hal_cortex.o
 *fill*         0x000000000800102e        0x2 
 .text.SysTick_Config
                0x0000000008001030       0x44 Drivers/STM32F4xx_HAL_Driver/Src/stm32f4xx_hal_cortex.o
 .text.HAL_NVIC_SetPriorityGrouping
                0x0000000008001074       0x16 Drivers/STM32F4xx_HAL_Driver/Src/stm32f4xx_hal_cortex.o
                0x0000000008001074                HAL_NVIC_SetPriorityGrouping
 .text.HAL_NVIC_SetPriority
                0x000000000800108a       0x38 Drivers/STM32F4xx_HAL_Driver/Src/stm32f4xx_hal_cortex.o
                0x000000000800108a                HAL_NVIC_SetPriority
 .text.HAL_NVIC_EnableIRQ
                0x00000000080010c2       0x1c Drivers/STM32F4xx_HAL_Driver/Src/stm32f4xx_hal_cortex.o
                0x00000000080010c2                HAL_NVIC_EnableIRQ
 .text.HAL_SYSTICK_Config
                0x00000000080010de       0x18 Drivers/STM32F4xx_HAL_Driver/Src/stm32f4xx_hal_cortex.o
                0x00000000080010de                HAL_SYSTICK_Config
 .text.HAL_DMA_Abort
                0x00000000080010f6       0xe0 Drivers/STM32F4xx_HAL_Driver/Src/stm32f4xx_hal_dma.o
                0x00000000080010f6                HAL_DMA_Abort
 .text.HAL_DMA_Abort_IT
                0x00000000080011d6       0x44 Drivers/STM32F4xx_HAL_Driver/Src/stm32f4xx_hal_dma.o
                0x00000000080011d6                HAL_DMA_Abort_IT
 *fill*         0x000000000800121a        0x2 
 .text.HAL_GPIO_Init
                0x000000000800121c      0x308 Drivers/STM32F4xx_HAL_Driver/Src/stm32f4xx_hal_gpio.o
                0x000000000800121c                HAL_GPIO_Init
 .text.HAL_GPIO_WritePin
                0x0000000008001524       0x32 Drivers/STM32F4xx_HAL_Driver/Src/stm32f4xx_hal_gpio.o
                0x0000000008001524                HAL_GPIO_WritePin
 *fill*         0x0000000008001556        0x2 
 .text.HAL_RCC_OscConfig
                0x0000000008001558      0x4f0 Drivers/STM32F4xx_HAL_Driver/Src/stm32f4xx_hal_rcc.o
                0x0000000008001558                HAL_RCC_OscConfig
 .text.HAL_RCC_ClockConfig
                0x0000000008001a48      0x1cc Drivers/STM32F4xx_HAL_Driver/Src/stm32f4xx_hal_rcc.o
                0x0000000008001a48                HAL_RCC_ClockConfig
 .text.HAL_RCC_GetSysClockFreq
                0x0000000008001c14      0x1c4 Drivers/STM32F4xx_HAL_Driver/Src/stm32f4xx_hal_rcc.o
                0x0000000008001c14                HAL_RCC_GetSysClockFreq
 .text.HAL_RCC_GetHCLKFreq
                0x0000000008001dd8       0x18 Drivers/STM32F4xx_HAL_Driver/Src/stm32f4xx_hal_rcc.o
                0x0000000008001dd8                HAL_RCC_GetHCLKFreq
 .text.HAL_RCC_GetPCLK1Freq
                0x0000000008001df0       0x28 Drivers/STM32F4xx_HAL_Driver/Src/stm32f4xx_hal_rcc.o
                0x0000000008001df0                HAL_RCC_GetPCLK1Freq
 .text.HAL_RCC_GetPCLK2Freq
                0x0000000008001e18       0x28 Drivers/STM32F4xx_HAL_Driver/Src/stm32f4xx_hal_rcc.o
                0x0000000008001e18                HAL_RCC_GetPCLK2Freq
 .text.HAL_UART_Init
                0x0000000008001e40       0x9a Drivers/STM32F4xx_HAL_Driver/Src/stm32f4xx_hal_uart.o
                0x0000000008001e40                HAL_UART_Init
 .text.HAL_UART_Transmit
                0x0000000008001eda      0x124 Drivers/STM32F4xx_HAL_Driver/Src/stm32f4xx_hal_uart.o
                0x0000000008001eda                HAL_UART_Transmit
 .text.HAL_UART_Receive_IT
                0x0000000008001ffe       0x60 Drivers/STM32F4xx_HAL_Driver/Src/stm32f4xx_hal_uart.o
                0x0000000008001ffe                HAL_UART_Receive_IT
 *fill*         0x000000000800205e        0x2 
 .text.HAL_UART_IRQHandler
                0x0000000008002060      0x51c Drivers/STM32F4xx_HAL_Driver/Src/stm32f4xx_hal_uart.o
                0x0000000008002060                HAL_UART_IRQHandler
 .text.HAL_UART_TxCpltCallback
                0x000000000800257c       0x14 Drivers/STM32F4xx_HAL_Driver/Src/stm32f4xx_hal_uart.o
                0x000000000800257c                HAL_UART_TxCpltCallback
 .text.HAL_UART_ErrorCallback
                0x0000000008002590       0x14 Drivers/STM32F4xx_HAL_Driver/Src/stm32f4xx_hal_uart.o
                0x0000000008002590                HAL_UART_ErrorCallback
 .text.HAL_UARTEx_RxEventCallback
                0x00000000080025a4       0x18 Drivers/STM32F4xx_HAL_Driver/Src/stm32f4xx_hal_uart.o
                0x00000000080025a4                HAL_UARTEx_RxEventCallback
 .text.UART_WaitOnFlagUntilTimeout
                0x00000000080025bc       0xdc Drivers/STM32F4xx_HAL_Driver/Src/stm32f4xx_hal_uart.o
 .text.UART_Start_Receive_IT
                0x0000000008002698       0x74 Drivers/STM32F4xx_HAL_Driver/Src/stm32f4xx_hal_uart.o
                0x0000000008002698                UART_Start_Receive_IT
 .text.UART_EndRxTransfer
                0x000000000800270c       0xc6 Drivers/STM32F4xx_HAL_Driver/Src/stm32f4xx_hal_uart.o
 .text.UART_DMAAbortOnError
                0x00000000080027d2       0x28 Drivers/STM32F4xx_HAL_Driver/Src/stm32f4xx_hal_uart.o
 .text.UART_Transmit_IT
                0x00000000080027fa       0xa0 Drivers/STM32F4xx_HAL_Driver/Src/stm32f4xx_hal_uart.o
 .text.UART_EndTransmit_IT
                0x000000000800289a       0x30 Drivers/STM32F4xx_HAL_Driver/Src/stm32f4xx_hal_uart.o
 .text.UART_Receive_IT
                0x00000000080028ca      0x176 Drivers/STM32F4xx_HAL_Driver/Src/stm32f4xx_hal_uart.o
 .text.UART_SetConfig
                0x0000000008002a40      0x390 Drivers/STM32F4xx_HAL_Driver/Src/stm32f4xx_hal_uart.o
 .text.__libc_init_array
                0x0000000008002dd0       0x48 c:/st/stm32cubeide_1.6.1/stm32cubeide/plugins/com.st.stm32cube.ide.mcu.externaltools.gnu-tools-for-stm32.9-2020-q2-update.win32_1.5.0.202011040924/tools/bin/../lib/gcc/arm-none-eabi/9.3.1/../../../../arm-none-eabi/lib/thumb/v7e-m+fp/hard\libc_nano.a(lib_a-init.o)
                0x0000000008002dd0                __libc_init_array
 .text.memset   0x0000000008002e18       0x10 c:/st/stm32cubeide_1.6.1/stm32cubeide/plugins/com.st.stm32cube.ide.mcu.externaltools.gnu-tools-for-stm32.9-2020-q2-update.win32_1.5.0.202011040924/tools/bin/../lib/gcc/arm-none-eabi/9.3.1/../../../../arm-none-eabi/lib/thumb/v7e-m+fp/hard\libc_nano.a(lib_a-memset.o)
                0x0000000008002e18                memset
 .text.strstr   0x0000000008002e28       0x2e c:/st/stm32cubeide_1.6.1/stm32cubeide/plugins/com.st.stm32cube.ide.mcu.externaltools.gnu-tools-for-stm32.9-2020-q2-update.win32_1.5.0.202011040924/tools/bin/../lib/gcc/arm-none-eabi/9.3.1/../../../../arm-none-eabi/lib/thumb/v7e-m+fp/hard\libc_nano.a(lib_a-strstr.o)
                0x0000000008002e28                strstr
 *(.glue_7)
 .glue_7        0x0000000008002e56        0x0 linker stubs
 *(.glue_7t)
 .glue_7t       0x0000000008002e56        0x0 linker stubs
 *(.eh_frame)
 *fill*         0x0000000008002e56        0x2 
 .eh_frame      0x0000000008002e58        0x0 c:/st/stm32cubeide_1.6.1/stm32cubeide/plugins/com.st.stm32cube.ide.mcu.externaltools.gnu-tools-for-stm32.9-2020-q2-update.win32_1.5.0.202011040924/tools/bin/../lib/gcc/arm-none-eabi/9.3.1/thumb/v7e-m+fp/hard/crtbegin.o
 *(.init)
 .init          0x0000000008002e58        0x4 c:/st/stm32cubeide_1.6.1/stm32cubeide/plugins/com.st.stm32cube.ide.mcu.externaltools.gnu-tools-for-stm32.9-2020-q2-update.win32_1.5.0.202011040924/tools/bin/../lib/gcc/arm-none-eabi/9.3.1/thumb/v7e-m+fp/hard/crti.o
                0x0000000008002e58                _init
 .init          0x0000000008002e5c        0x8 c:/st/stm32cubeide_1.6.1/stm32cubeide/plugins/com.st.stm32cube.ide.mcu.externaltools.gnu-tools-for-stm32.9-2020-q2-update.win32_1.5.0.202011040924/tools/bin/../lib/gcc/arm-none-eabi/9.3.1/thumb/v7e-m+fp/hard/crtn.o
 *(.fini)
 .fini          0x0000000008002e64        0x4 c:/st/stm32cubeide_1.6.1/stm32cubeide/plugins/com.st.stm32cube.ide.mcu.externaltools.gnu-tools-for-stm32.9-2020-q2-update.win32_1.5.0.202011040924/tools/bin/../lib/gcc/arm-none-eabi/9.3.1/thumb/v7e-m+fp/hard/crti.o
                0x0000000008002e64                _fini
 .fini          0x0000000008002e68        0x8 c:/st/stm32cubeide_1.6.1/stm32cubeide/plugins/com.st.stm32cube.ide.mcu.externaltools.gnu-tools-for-stm32.9-2020-q2-update.win32_1.5.0.202011040924/tools/bin/../lib/gcc/arm-none-eabi/9.3.1/thumb/v7e-m+fp/hard/crtn.o
                0x0000000008002e70                . = ALIGN (0x4)
                0x0000000008002e70                _etext = .

.vfp11_veneer   0x0000000008002e70        0x0
 .vfp11_veneer  0x0000000008002e70        0x0 linker stubs

.v4_bx          0x0000000008002e70        0x0
 .v4_bx         0x0000000008002e70        0x0 linker stubs

.iplt           0x0000000008002e70        0x0
 .iplt          0x0000000008002e70        0x0 c:/st/stm32cubeide_1.6.1/stm32cubeide/plugins/com.st.stm32cube.ide.mcu.externaltools.gnu-tools-for-stm32.9-2020-q2-update.win32_1.5.0.202011040924/tools/bin/../lib/gcc/arm-none-eabi/9.3.1/thumb/v7e-m+fp/hard/crtbegin.o

.rodata         0x0000000008002e70       0x28
                0x0000000008002e70                . = ALIGN (0x4)
 *(.rodata)
 .rodata        0x0000000008002e70        0xe Core/Src/WifiConnectDataParse.o
 *(.rodata*)
 *fill*         0x0000000008002e7e        0x2 
 .rodata.AHBPrescTable
                0x0000000008002e80       0x10 Core/Src/system_stm32f4xx.o
                0x0000000008002e80                AHBPrescTable
 .rodata.APBPrescTable
                0x0000000008002e90        0x8 Core/Src/system_stm32f4xx.o
                0x0000000008002e90                APBPrescTable
                0x0000000008002e98                . = ALIGN (0x4)

.ARM.extab      0x0000000008002e98        0x0
                0x0000000008002e98                . = ALIGN (0x4)
 *(.ARM.extab* .gnu.linkonce.armextab.*)
                0x0000000008002e98                . = ALIGN (0x4)

.ARM            0x0000000008002e98        0x8
                0x0000000008002e98                . = ALIGN (0x4)
                0x0000000008002e98                __exidx_start = .
 *(.ARM.exidx*)
 .ARM.exidx     0x0000000008002e98        0x8 c:/st/stm32cubeide_1.6.1/stm32cubeide/plugins/com.st.stm32cube.ide.mcu.externaltools.gnu-tools-for-stm32.9-2020-q2-update.win32_1.5.0.202011040924/tools/bin/../lib/gcc/arm-none-eabi/9.3.1/thumb/v7e-m+fp/hard\libgcc.a(_udivmoddi4.o)
                0x0000000008002ea0                __exidx_end = .
                0x0000000008002ea0                . = ALIGN (0x4)

.rel.dyn        0x0000000008002ea0        0x0
 .rel.iplt      0x0000000008002ea0        0x0 c:/st/stm32cubeide_1.6.1/stm32cubeide/plugins/com.st.stm32cube.ide.mcu.externaltools.gnu-tools-for-stm32.9-2020-q2-update.win32_1.5.0.202011040924/tools/bin/../lib/gcc/arm-none-eabi/9.3.1/thumb/v7e-m+fp/hard/crtbegin.o

.preinit_array  0x0000000008002ea0        0x0
                0x0000000008002ea0                . = ALIGN (0x4)
                0x0000000008002ea0                PROVIDE (__preinit_array_start = .)
 *(.preinit_array*)
                0x0000000008002ea0                PROVIDE (__preinit_array_end = .)
                0x0000000008002ea0                . = ALIGN (0x4)

.init_array     0x0000000008002ea0        0x4
                0x0000000008002ea0                . = ALIGN (0x4)
                0x0000000008002ea0                PROVIDE (__init_array_start = .)
 *(SORT_BY_NAME(.init_array.*))
 *(.init_array*)
 .init_array    0x0000000008002ea0        0x4 c:/st/stm32cubeide_1.6.1/stm32cubeide/plugins/com.st.stm32cube.ide.mcu.externaltools.gnu-tools-for-stm32.9-2020-q2-update.win32_1.5.0.202011040924/tools/bin/../lib/gcc/arm-none-eabi/9.3.1/thumb/v7e-m+fp/hard/crtbegin.o
                0x0000000008002ea4                PROVIDE (__init_array_end = .)
                0x0000000008002ea4                . = ALIGN (0x4)

.fini_array     0x0000000008002ea4        0x4
                0x0000000008002ea4                . = ALIGN (0x4)
                [!provide]                        PROVIDE (__fini_array_start = .)
 *(SORT_BY_NAME(.fini_array.*))
 *(.fini_array*)
 .fini_array    0x0000000008002ea4        0x4 c:/st/stm32cubeide_1.6.1/stm32cubeide/plugins/com.st.stm32cube.ide.mcu.externaltools.gnu-tools-for-stm32.9-2020-q2-update.win32_1.5.0.202011040924/tools/bin/../lib/gcc/arm-none-eabi/9.3.1/thumb/v7e-m+fp/hard/crtbegin.o
                [!provide]                        PROVIDE (__fini_array_end = .)
                0x0000000008002ea8                . = ALIGN (0x4)
                0x0000000008002ea8                _sidata = LOADADDR (.data)

.data           0x0000000020000000       0xac load address 0x0000000008002ea8
                0x0000000020000000                . = ALIGN (0x4)
                0x0000000020000000                _sdata = .
 *(.data)
 *(.data*)
 .data.TxBuffer1
                0x0000000020000000        0x4 Core/Src/WifiConnectDataParse.o
                0x0000000020000000                TxBuffer1
 .data.TxBuffer2
                0x0000000020000004        0xc Core/Src/WifiConnectDataParse.o
                0x0000000020000004                TxBuffer2
 .data.TxBuffer3
                0x0000000020000010        0xd Core/Src/WifiConnectDataParse.o
                0x0000000020000010                TxBuffer3
 *fill*         0x000000002000001d        0x3 
 .data.TxBuffer4
                0x0000000020000020        0xa Core/Src/WifiConnectDataParse.o
                0x0000000020000020                TxBuffer4
 *fill*         0x000000002000002a        0x2 
 .data.TxBuffer5
                0x000000002000002c        0xd Core/Src/WifiConnectDataParse.o
                0x000000002000002c                TxBuffer5
 *fill*         0x0000000020000039        0x3 
 .data.TxBuffer6
                0x000000002000003c       0x15 Core/Src/WifiConnectDataParse.o
                0x000000002000003c                TxBuffer6
 *fill*         0x0000000020000051        0x3 
 .data.TxBuffer7
                0x0000000020000054       0x27 Core/Src/WifiConnectDataParse.o
                0x0000000020000054                TxBuffer7
 *fill*         0x000000002000007b        0x1 
 .data.TxBuffer9
                0x000000002000007c       0x23 Core/Src/WifiConnectDataParse.o
                0x000000002000007c                TxBuffer9
 *fill*         0x000000002000009f        0x1 
 .data.SystemCoreClock
                0x00000000200000a0        0x4 Core/Src/system_stm32f4xx.o
                0x00000000200000a0                SystemCoreClock
 .data.uwTickPrio
                0x00000000200000a4        0x4 Drivers/STM32F4xx_HAL_Driver/Src/stm32f4xx_hal.o
                0x00000000200000a4                uwTickPrio
 .data.uwTickFreq
                0x00000000200000a8        0x1 Drivers/STM32F4xx_HAL_Driver/Src/stm32f4xx_hal.o
                0x00000000200000a8                uwTickFreq
 *(.RamFunc)
 *(.RamFunc*)
                0x00000000200000ac                . = ALIGN (0x4)
 *fill*         0x00000000200000a9        0x3 
                0x00000000200000ac                _edata = .

.igot.plt       0x00000000200000ac        0x0 load address 0x0000000008002f54
 .igot.plt      0x00000000200000ac        0x0 c:/st/stm32cubeide_1.6.1/stm32cubeide/plugins/com.st.stm32cube.ide.mcu.externaltools.gnu-tools-for-stm32.9-2020-q2-update.win32_1.5.0.202011040924/tools/bin/../lib/gcc/arm-none-eabi/9.3.1/thumb/v7e-m+fp/hard/crtbegin.o
                0x00000000200000ac                . = ALIGN (0x4)

.bss            0x00000000200000ac     0x27cc load address 0x0000000008002f54
                0x00000000200000ac                _sbss = .
                0x00000000200000ac                __bss_start__ = _sbss
 *(.bss)
 .bss           0x00000000200000ac       0x1c c:/st/stm32cubeide_1.6.1/stm32cubeide/plugins/com.st.stm32cube.ide.mcu.externaltools.gnu-tools-for-stm32.9-2020-q2-update.win32_1.5.0.202011040924/tools/bin/../lib/gcc/arm-none-eabi/9.3.1/thumb/v7e-m+fp/hard/crtbegin.o
 *(.bss*)
 .bss.RxBufferCnt1
                0x00000000200000c8        0x4 Core/Src/ClosetParse.o
 .bss.BCC       0x00000000200000cc        0x4 Core/Src/ClosetParse.o
                0x00000000200000cc                BCC
 .bss.Case      0x00000000200000d0        0x1 Core/Src/WifiConnectDataParse.o
                0x00000000200000d0                Case
 *fill*         0x00000000200000d1        0x3 
 .bss.RxBufferCnt1
                0x00000000200000d4        0x4 Core/Src/main.o
 .bss.RxBufferCnt
                0x00000000200000d8        0x1 Core/Src/main.o
                0x00000000200000d8                RxBufferCnt
 .bss.RxData    0x00000000200000d9        0x1 Core/Src/main.o
                0x00000000200000d9                RxData
 .bss.RxData1   0x00000000200000da        0x1 Core/Src/main.o
                0x00000000200000da                RxData1
 *(COMMON)
 *fill*         0x00000000200000db        0x1 
 COMMON         0x00000000200000dc     0x1388 Core/Src/ClosetParse.o
                0x00000000200000dc                ESP_Gelen_Data1
 COMMON         0x0000000020001464     0x1388 Core/Src/WifiConnectDataParse.o
                0x0000000020001464                ESP_Gelen_Data
 COMMON         0x00000000200027ec       0x88 Core/Src/main.o
                0x00000000200027ec                huart1
                0x0000000020002830                huart2
 COMMON         0x0000000020002874        0x4 Drivers/STM32F4xx_HAL_Driver/Src/stm32f4xx_hal.o
                0x0000000020002874                uwTick
                0x0000000020002878                . = ALIGN (0x4)
                0x0000000020002878                _ebss = .
                0x0000000020002878                __bss_end__ = _ebss

._user_heap_stack
                0x0000000020002878      0x600 load address 0x0000000008002f54
                0x0000000020002878                . = ALIGN (0x8)
                [!provide]                        PROVIDE (end = .)
                0x0000000020002878                PROVIDE (_end = .)
                0x0000000020002a78                . = (. + _Min_Heap_Size)
 *fill*         0x0000000020002878      0x200 
                0x0000000020002e78                . = (. + _Min_Stack_Size)
 *fill*         0x0000000020002a78      0x400 
                0x0000000020002e78                . = ALIGN (0x8)

/DISCARD/
 libc.a(*)
 libm.a(*)
 libgcc.a(*)

.ARM.attributes
                0x0000000000000000       0x30
 *(.ARM.attributes)
 .ARM.attributes
                0x0000000000000000       0x1e c:/st/stm32cubeide_1.6.1/stm32cubeide/plugins/com.st.stm32cube.ide.mcu.externaltools.gnu-tools-for-stm32.9-2020-q2-update.win32_1.5.0.202011040924/tools/bin/../lib/gcc/arm-none-eabi/9.3.1/thumb/v7e-m+fp/hard/crti.o
 .ARM.attributes
                0x000000000000001e       0x34 c:/st/stm32cubeide_1.6.1/stm32cubeide/plugins/com.st.stm32cube.ide.mcu.externaltools.gnu-tools-for-stm32.9-2020-q2-update.win32_1.5.0.202011040924/tools/bin/../lib/gcc/arm-none-eabi/9.3.1/thumb/v7e-m+fp/hard/crtbegin.o
 .ARM.attributes
                0x0000000000000052       0x34 Core/Src/ClosetParse.o
 .ARM.attributes
                0x0000000000000086       0x34 Core/Src/WifiConnectDataParse.o
 .ARM.attributes
                0x00000000000000ba       0x34 Core/Src/main.o
 .ARM.attributes
                0x00000000000000ee       0x34 Core/Src/stm32f4xx_hal_msp.o
 .ARM.attributes
                0x0000000000000122       0x34 Core/Src/stm32f4xx_it.o
 .ARM.attributes
                0x0000000000000156       0x34 Core/Src/system_stm32f4xx.o
 .ARM.attributes
                0x000000000000018a       0x21 Core/Startup/startup_stm32f401retx.o
 .ARM.attributes
                0x00000000000001ab       0x34 Drivers/STM32F4xx_HAL_Driver/Src/stm32f4xx_hal.o
 .ARM.attributes
                0x00000000000001df       0x34 Drivers/STM32F4xx_HAL_Driver/Src/stm32f4xx_hal_cortex.o
 .ARM.attributes
                0x0000000000000213       0x34 Drivers/STM32F4xx_HAL_Driver/Src/stm32f4xx_hal_dma.o
 .ARM.attributes
                0x0000000000000247       0x34 Drivers/STM32F4xx_HAL_Driver/Src/stm32f4xx_hal_gpio.o
 .ARM.attributes
                0x000000000000027b       0x34 Drivers/STM32F4xx_HAL_Driver/Src/stm32f4xx_hal_rcc.o
 .ARM.attributes
                0x00000000000002af       0x34 Drivers/STM32F4xx_HAL_Driver/Src/stm32f4xx_hal_uart.o
 .ARM.attributes
                0x00000000000002e3       0x34 c:/st/stm32cubeide_1.6.1/stm32cubeide/plugins/com.st.stm32cube.ide.mcu.externaltools.gnu-tools-for-stm32.9-2020-q2-update.win32_1.5.0.202011040924/tools/bin/../lib/gcc/arm-none-eabi/9.3.1/../../../../arm-none-eabi/lib/thumb/v7e-m+fp/hard\libc_nano.a(lib_a-init.o)
 .ARM.attributes
                0x0000000000000317       0x34 c:/st/stm32cubeide_1.6.1/stm32cubeide/plugins/com.st.stm32cube.ide.mcu.externaltools.gnu-tools-for-stm32.9-2020-q2-update.win32_1.5.0.202011040924/tools/bin/../lib/gcc/arm-none-eabi/9.3.1/../../../../arm-none-eabi/lib/thumb/v7e-m+fp/hard\libc_nano.a(lib_a-memset.o)
 .ARM.attributes
                0x000000000000034b       0x34 c:/st/stm32cubeide_1.6.1/stm32cubeide/plugins/com.st.stm32cube.ide.mcu.externaltools.gnu-tools-for-stm32.9-2020-q2-update.win32_1.5.0.202011040924/tools/bin/../lib/gcc/arm-none-eabi/9.3.1/../../../../arm-none-eabi/lib/thumb/v7e-m+fp/hard\libc_nano.a(lib_a-strstr.o)
 .ARM.attributes
                0x000000000000037f       0x1e c:/st/stm32cubeide_1.6.1/stm32cubeide/plugins/com.st.stm32cube.ide.mcu.externaltools.gnu-tools-for-stm32.9-2020-q2-update.win32_1.5.0.202011040924/tools/bin/../lib/gcc/arm-none-eabi/9.3.1/thumb/v7e-m+fp/hard\libgcc.a(_aeabi_uldivmod.o)
 .ARM.attributes
                0x000000000000039d       0x34 c:/st/stm32cubeide_1.6.1/stm32cubeide/plugins/com.st.stm32cube.ide.mcu.externaltools.gnu-tools-for-stm32.9-2020-q2-update.win32_1.5.0.202011040924/tools/bin/../lib/gcc/arm-none-eabi/9.3.1/thumb/v7e-m+fp/hard\libgcc.a(_udivmoddi4.o)
 .ARM.attributes
                0x00000000000003d1       0x1e c:/st/stm32cubeide_1.6.1/stm32cubeide/plugins/com.st.stm32cube.ide.mcu.externaltools.gnu-tools-for-stm32.9-2020-q2-update.win32_1.5.0.202011040924/tools/bin/../lib/gcc/arm-none-eabi/9.3.1/thumb/v7e-m+fp/hard\libgcc.a(_dvmd_tls.o)
 .ARM.attributes
                0x00000000000003ef       0x1e c:/st/stm32cubeide_1.6.1/stm32cubeide/plugins/com.st.stm32cube.ide.mcu.externaltools.gnu-tools-for-stm32.9-2020-q2-update.win32_1.5.0.202011040924/tools/bin/../lib/gcc/arm-none-eabi/9.3.1/thumb/v7e-m+fp/hard/crtn.o
OUTPUT(ClosetProject.elf elf32-littlearm)
LOAD linker stubs
LOAD c:/st/stm32cubeide_1.6.1/stm32cubeide/plugins/com.st.stm32cube.ide.mcu.externaltools.gnu-tools-for-stm32.9-2020-q2-update.win32_1.5.0.202011040924/tools/bin/../lib/gcc/arm-none-eabi/9.3.1/../../../../arm-none-eabi/lib/thumb/v7e-m+fp/hard\libc.a
LOAD c:/st/stm32cubeide_1.6.1/stm32cubeide/plugins/com.st.stm32cube.ide.mcu.externaltools.gnu-tools-for-stm32.9-2020-q2-update.win32_1.5.0.202011040924/tools/bin/../lib/gcc/arm-none-eabi/9.3.1/../../../../arm-none-eabi/lib/thumb/v7e-m+fp/hard\libm.a
LOAD c:/st/stm32cubeide_1.6.1/stm32cubeide/plugins/com.st.stm32cube.ide.mcu.externaltools.gnu-tools-for-stm32.9-2020-q2-update.win32_1.5.0.202011040924/tools/bin/../lib/gcc/arm-none-eabi/9.3.1/thumb/v7e-m+fp/hard\libgcc.a

.debug_info     0x0000000000000000     0xa013
 .debug_info    0x0000000000000000      0x2fa Core/Src/ClosetParse.o
 .debug_info    0x00000000000002fa     0x1140 Core/Src/WifiConnectDataParse.o
 .debug_info    0x000000000000143a      0xd81 Core/Src/main.o
 .debug_info    0x00000000000021bb      0xbe7 Core/Src/stm32f4xx_hal_msp.o
 .debug_info    0x0000000000002da2      0x723 Core/Src/stm32f4xx_it.o
 .debug_info    0x00000000000034c5      0x5d0 Core/Src/system_stm32f4xx.o
 .debug_info    0x0000000000003a95       0x22 Core/Startup/startup_stm32f401retx.o
 .debug_info    0x0000000000003ab7      0x93d Drivers/STM32F4xx_HAL_Driver/Src/stm32f4xx_hal.o
 .debug_info    0x00000000000043f4      0xe41 Drivers/STM32F4xx_HAL_Driver/Src/stm32f4xx_hal_cortex.o
 .debug_info    0x0000000000005235      0x9e9 Drivers/STM32F4xx_HAL_Driver/Src/stm32f4xx_hal_dma.o
 .debug_info    0x0000000000005c1e      0x862 Drivers/STM32F4xx_HAL_Driver/Src/stm32f4xx_hal_gpio.o
 .debug_info    0x0000000000006480      0x9bd Drivers/STM32F4xx_HAL_Driver/Src/stm32f4xx_hal_rcc.o
 .debug_info    0x0000000000006e3d     0x31d6 Drivers/STM32F4xx_HAL_Driver/Src/stm32f4xx_hal_uart.o

.debug_abbrev   0x0000000000000000     0x1926
 .debug_abbrev  0x0000000000000000      0x16a Core/Src/ClosetParse.o
 .debug_abbrev  0x000000000000016a      0x209 Core/Src/WifiConnectDataParse.o
 .debug_abbrev  0x0000000000000373      0x25e Core/Src/main.o
 .debug_abbrev  0x00000000000005d1      0x1b5 Core/Src/stm32f4xx_hal_msp.o
 .debug_abbrev  0x0000000000000786      0x174 Core/Src/stm32f4xx_it.o
 .debug_abbrev  0x00000000000008fa      0x145 Core/Src/system_stm32f4xx.o
 .debug_abbrev  0x0000000000000a3f       0x12 Core/Startup/startup_stm32f401retx.o
 .debug_abbrev  0x0000000000000a51      0x21e Drivers/STM32F4xx_HAL_Driver/Src/stm32f4xx_hal.o
 .debug_abbrev  0x0000000000000c6f      0x33c Drivers/STM32F4xx_HAL_Driver/Src/stm32f4xx_hal_cortex.o
 .debug_abbrev  0x0000000000000fab      0x219 Drivers/STM32F4xx_HAL_Driver/Src/stm32f4xx_hal_dma.o
 .debug_abbrev  0x00000000000011c4      0x1f1 Drivers/STM32F4xx_HAL_Driver/Src/stm32f4xx_hal_gpio.o
 .debug_abbrev  0x00000000000013b5      0x275 Drivers/STM32F4xx_HAL_Driver/Src/stm32f4xx_hal_rcc.o
 .debug_abbrev  0x000000000000162a      0x2fc Drivers/STM32F4xx_HAL_Driver/Src/stm32f4xx_hal_uart.o

.debug_aranges  0x0000000000000000      0x708
 .debug_aranges
                0x0000000000000000       0x28 Core/Src/ClosetParse.o
 .debug_aranges
                0x0000000000000028       0x28 Core/Src/WifiConnectDataParse.o
 .debug_aranges
                0x0000000000000050       0x50 Core/Src/main.o
 .debug_aranges
                0x00000000000000a0       0x30 Core/Src/stm32f4xx_hal_msp.o
 .debug_aranges
                0x00000000000000d0       0x70 Core/Src/stm32f4xx_it.o
 .debug_aranges
                0x0000000000000140       0x28 Core/Src/system_stm32f4xx.o
 .debug_aranges
                0x0000000000000168       0x28 Core/Startup/startup_stm32f401retx.o
 .debug_aranges
                0x0000000000000190       0xf0 Drivers/STM32F4xx_HAL_Driver/Src/stm32f4xx_hal.o
 .debug_aranges
                0x0000000000000280      0x118 Drivers/STM32F4xx_HAL_Driver/Src/stm32f4xx_hal_cortex.o
 .debug_aranges
                0x0000000000000398       0x90 Drivers/STM32F4xx_HAL_Driver/Src/stm32f4xx_hal_dma.o
 .debug_aranges
                0x0000000000000428       0x58 Drivers/STM32F4xx_HAL_Driver/Src/stm32f4xx_hal_gpio.o
 .debug_aranges
                0x0000000000000480       0x88 Drivers/STM32F4xx_HAL_Driver/Src/stm32f4xx_hal_rcc.o
 .debug_aranges
                0x0000000000000508      0x200 Drivers/STM32F4xx_HAL_Driver/Src/stm32f4xx_hal_uart.o

.debug_ranges   0x0000000000000000      0x670
 .debug_ranges  0x0000000000000000       0x18 Core/Src/ClosetParse.o
 .debug_ranges  0x0000000000000018       0x18 Core/Src/WifiConnectDataParse.o
 .debug_ranges  0x0000000000000030       0x40 Core/Src/main.o
 .debug_ranges  0x0000000000000070       0x20 Core/Src/stm32f4xx_hal_msp.o
 .debug_ranges  0x0000000000000090       0x60 Core/Src/stm32f4xx_it.o
 .debug_ranges  0x00000000000000f0       0x18 Core/Src/system_stm32f4xx.o
 .debug_ranges  0x0000000000000108       0x20 Core/Startup/startup_stm32f401retx.o
 .debug_ranges  0x0000000000000128       0xe0 Drivers/STM32F4xx_HAL_Driver/Src/stm32f4xx_hal.o
 .debug_ranges  0x0000000000000208      0x108 Drivers/STM32F4xx_HAL_Driver/Src/stm32f4xx_hal_cortex.o
 .debug_ranges  0x0000000000000310       0x80 Drivers/STM32F4xx_HAL_Driver/Src/stm32f4xx_hal_dma.o
 .debug_ranges  0x0000000000000390       0x48 Drivers/STM32F4xx_HAL_Driver/Src/stm32f4xx_hal_gpio.o
 .debug_ranges  0x00000000000003d8       0x78 Drivers/STM32F4xx_HAL_Driver/Src/stm32f4xx_hal_rcc.o
 .debug_ranges  0x0000000000000450      0x220 Drivers/STM32F4xx_HAL_Driver/Src/stm32f4xx_hal_uart.o

.debug_macro    0x0000000000000000    0x1544e
 .debug_macro   0x0000000000000000      0x1d2 Core/Src/ClosetParse.o
 .debug_macro   0x00000000000001d2      0xaa8 Core/Src/ClosetParse.o
 .debug_macro   0x0000000000000c7a       0x10 Core/Src/ClosetParse.o
 .debug_macro   0x0000000000000c8a      0x295 Core/Src/ClosetParse.o
 .debug_macro   0x0000000000000f1f       0x2e Core/Src/ClosetParse.o
 .debug_macro   0x0000000000000f4d       0x28 Core/Src/ClosetParse.o
 .debug_macro   0x0000000000000f75       0x22 Core/Src/ClosetParse.o
 .debug_macro   0x0000000000000f97       0x8e Core/Src/ClosetParse.o
 .debug_macro   0x0000000000001025       0x51 Core/Src/ClosetParse.o
 .debug_macro   0x0000000000001076      0x103 Core/Src/ClosetParse.o
 .debug_macro   0x0000000000001179       0x6a Core/Src/ClosetParse.o
 .debug_macro   0x00000000000011e3      0x1df Core/Src/ClosetParse.o
 .debug_macro   0x00000000000013c2       0x1c Core/Src/ClosetParse.o
 .debug_macro   0x00000000000013de       0x22 Core/Src/ClosetParse.o
 .debug_macro   0x0000000000001400       0xdf Core/Src/ClosetParse.o
 .debug_macro   0x00000000000014df     0x102d Core/Src/ClosetParse.o
 .debug_macro   0x000000000000250c      0x11f Core/Src/ClosetParse.o
 .debug_macro   0x000000000000262b     0xb86c Core/Src/ClosetParse.o
 .debug_macro   0x000000000000de97       0x6d Core/Src/ClosetParse.o
 .debug_macro   0x000000000000df04     0x3666 Core/Src/ClosetParse.o
 .debug_macro   0x000000000001156a      0x174 Core/Src/ClosetParse.o
 .debug_macro   0x00000000000116de       0x5c Core/Src/ClosetParse.o
 .debug_macro   0x000000000001173a      0x416 Core/Src/ClosetParse.o
 .debug_macro   0x0000000000011b50      0x9fe Core/Src/ClosetParse.o
 .debug_macro   0x000000000001254e      0x116 Core/Src/ClosetParse.o
 .debug_macro   0x0000000000012664       0xf8 Core/Src/ClosetParse.o
 .debug_macro   0x000000000001275c       0xa5 Core/Src/ClosetParse.o
 .debug_macro   0x0000000000012801      0x15f Core/Src/ClosetParse.o
 .debug_macro   0x0000000000012960      0x287 Core/Src/ClosetParse.o
 .debug_macro   0x0000000000012be7       0x5f Core/Src/ClosetParse.o
 .debug_macro   0x0000000000012c46      0x236 Core/Src/ClosetParse.o
 .debug_macro   0x0000000000012e7c      0x132 Core/Src/ClosetParse.o
 .debug_macro   0x0000000000012fae      0x264 Core/Src/ClosetParse.o
 .debug_macro   0x0000000000013212       0x2e Core/Src/ClosetParse.o
 .debug_macro   0x0000000000013240      0x11a Core/Src/ClosetParse.o
 .debug_macro   0x000000000001335a       0x85 Core/Src/ClosetParse.o
 .debug_macro   0x00000000000133df       0x89 Core/Src/ClosetParse.o
 .debug_macro   0x0000000000013468      0x295 Core/Src/ClosetParse.o
 .debug_macro   0x00000000000136fd      0x126 Core/Src/ClosetParse.o
 .debug_macro   0x0000000000013823       0x1c Core/Src/ClosetParse.o
 .debug_macro   0x000000000001383f      0x2a1 Core/Src/WifiConnectDataParse.o
 .debug_macro   0x0000000000013ae0       0x22 Core/Src/WifiConnectDataParse.o
 .debug_macro   0x0000000000013b02       0x52 Core/Src/WifiConnectDataParse.o
 .debug_macro   0x0000000000013b54       0x18 Core/Src/WifiConnectDataParse.o
 .debug_macro   0x0000000000013b6c       0x3c Core/Src/WifiConnectDataParse.o
 .debug_macro   0x0000000000013ba8       0x34 Core/Src/WifiConnectDataParse.o
 .debug_macro   0x0000000000013bdc       0x16 Core/Src/WifiConnectDataParse.o
 .debug_macro   0x0000000000013bf2       0x43 Core/Src/WifiConnectDataParse.o
 .debug_macro   0x0000000000013c35       0x34 Core/Src/WifiConnectDataParse.o
 .debug_macro   0x0000000000013c69       0x10 Core/Src/WifiConnectDataParse.o
 .debug_macro   0x0000000000013c79       0x58 Core/Src/WifiConnectDataParse.o
 .debug_macro   0x0000000000013cd1       0x71 Core/Src/WifiConnectDataParse.o
 .debug_macro   0x0000000000013d42       0x1c Core/Src/WifiConnectDataParse.o
 .debug_macro   0x0000000000013d5e      0x12a Core/Src/WifiConnectDataParse.o
 .debug_macro   0x0000000000013e88      0x333 Core/Src/WifiConnectDataParse.o
 .debug_macro   0x00000000000141bb       0x10 Core/Src/WifiConnectDataParse.o
 .debug_macro   0x00000000000141cb       0x35 Core/Src/WifiConnectDataParse.o
 .debug_macro   0x0000000000014200       0x20 Core/Src/WifiConnectDataParse.o
 .debug_macro   0x0000000000014220      0x1db Core/Src/main.o
 .debug_macro   0x00000000000143fb       0x10 Core/Src/main.o
 .debug_macro   0x000000000001440b      0x1c9 Core/Src/stm32f4xx_hal_msp.o
 .debug_macro   0x00000000000145d4      0x1d3 Core/Src/stm32f4xx_it.o
 .debug_macro   0x00000000000147a7      0x1ba Core/Src/system_stm32f4xx.o
 .debug_macro   0x0000000000014961      0x21a Drivers/STM32F4xx_HAL_Driver/Src/stm32f4xx_hal.o
 .debug_macro   0x0000000000014b7b      0x1ba Drivers/STM32F4xx_HAL_Driver/Src/stm32f4xx_hal_cortex.o
 .debug_macro   0x0000000000014d35      0x1c0 Drivers/STM32F4xx_HAL_Driver/Src/stm32f4xx_hal_dma.o
 .debug_macro   0x0000000000014ef5      0x1c0 Drivers/STM32F4xx_HAL_Driver/Src/stm32f4xx_hal_gpio.o
 .debug_macro   0x00000000000150b5      0x1de Drivers/STM32F4xx_HAL_Driver/Src/stm32f4xx_hal_rcc.o
 .debug_macro   0x0000000000015293      0x1bb Drivers/STM32F4xx_HAL_Driver/Src/stm32f4xx_hal_uart.o

.debug_line     0x0000000000000000     0x94fe
 .debug_line    0x0000000000000000      0x74d Core/Src/ClosetParse.o
 .debug_line    0x000000000000074d      0x902 Core/Src/WifiConnectDataParse.o
 .debug_line    0x000000000000104f      0x82d Core/Src/main.o
 .debug_line    0x000000000000187c      0x71c Core/Src/stm32f4xx_hal_msp.o
 .debug_line    0x0000000000001f98      0x788 Core/Src/stm32f4xx_it.o
 .debug_line    0x0000000000002720      0x717 Core/Src/system_stm32f4xx.o
 .debug_line    0x0000000000002e37       0x88 Core/Startup/startup_stm32f401retx.o
 .debug_line    0x0000000000002ebf      0x97d Drivers/STM32F4xx_HAL_Driver/Src/stm32f4xx_hal.o
 .debug_line    0x000000000000383c      0xc2c Drivers/STM32F4xx_HAL_Driver/Src/stm32f4xx_hal_cortex.o
 .debug_line    0x0000000000004468      0xee2 Drivers/STM32F4xx_HAL_Driver/Src/stm32f4xx_hal_dma.o
 .debug_line    0x000000000000534a      0xab7 Drivers/STM32F4xx_HAL_Driver/Src/stm32f4xx_hal_gpio.o
 .debug_line    0x0000000000005e01      0xcf9 Drivers/STM32F4xx_HAL_Driver/Src/stm32f4xx_hal_rcc.o
 .debug_line    0x0000000000006afa     0x2a04 Drivers/STM32F4xx_HAL_Driver/Src/stm32f4xx_hal_uart.o

.debug_str      0x0000000000000000    0x8425f
 .debug_str     0x0000000000000000    0x7ece7 Core/Src/ClosetParse.o
                                      0x7ef71 (size before relaxing)
 .debug_str     0x000000000007ece7     0x365a Core/Src/WifiConnectDataParse.o
                                      0x8260c (size before relaxing)
 .debug_str     0x0000000000082341      0x34c Core/Src/main.o
                                      0x7f6fd (size before relaxing)
 .debug_str     0x000000000008268d      0x3d2 Core/Src/stm32f4xx_hal_msp.o
                                      0x7f825 (size before relaxing)
 .debug_str     0x0000000000082a5f       0xe1 Core/Src/stm32f4xx_it.o
                                      0x7f3b5 (size before relaxing)
 .debug_str     0x0000000000082b40       0xaf Core/Src/system_stm32f4xx.o
                                      0x7efd0 (size before relaxing)
 .debug_str     0x0000000000082bef       0x78 Core/Startup/startup_stm32f401retx.o
 .debug_str     0x0000000000082c67      0x58d Drivers/STM32F4xx_HAL_Driver/Src/stm32f4xx_hal.o
                                      0x7f94e (size before relaxing)
 .debug_str     0x00000000000831f4      0x399 Drivers/STM32F4xx_HAL_Driver/Src/stm32f4xx_hal_cortex.o
                                      0x7f72b (size before relaxing)
 .debug_str     0x000000000008358d      0x322 Drivers/STM32F4xx_HAL_Driver/Src/stm32f4xx_hal_dma.o
                                      0x7f3e6 (size before relaxing)
 .debug_str     0x00000000000838af      0x15f Drivers/STM32F4xx_HAL_Driver/Src/stm32f4xx_hal_gpio.o
                                      0x7f175 (size before relaxing)
 .debug_str     0x0000000000083a0e      0x259 Drivers/STM32F4xx_HAL_Driver/Src/stm32f4xx_hal_rcc.o
                                      0x7f3d0 (size before relaxing)
 .debug_str     0x0000000000083c67      0x5f8 Drivers/STM32F4xx_HAL_Driver/Src/stm32f4xx_hal_uart.o
                                      0x7f944 (size before relaxing)

.comment        0x0000000000000000       0x53
 .comment       0x0000000000000000       0x53 Core/Src/ClosetParse.o
                                         0x54 (size before relaxing)
 .comment       0x0000000000000053       0x54 Core/Src/WifiConnectDataParse.o
 .comment       0x0000000000000053       0x54 Core/Src/main.o
 .comment       0x0000000000000053       0x54 Core/Src/stm32f4xx_hal_msp.o
 .comment       0x0000000000000053       0x54 Core/Src/stm32f4xx_it.o
 .comment       0x0000000000000053       0x54 Core/Src/system_stm32f4xx.o
 .comment       0x0000000000000053       0x54 Drivers/STM32F4xx_HAL_Driver/Src/stm32f4xx_hal.o
 .comment       0x0000000000000053       0x54 Drivers/STM32F4xx_HAL_Driver/Src/stm32f4xx_hal_cortex.o
 .comment       0x0000000000000053       0x54 Drivers/STM32F4xx_HAL_Driver/Src/stm32f4xx_hal_dma.o
 .comment       0x0000000000000053       0x54 Drivers/STM32F4xx_HAL_Driver/Src/stm32f4xx_hal_gpio.o
 .comment       0x0000000000000053       0x54 Drivers/STM32F4xx_HAL_Driver/Src/stm32f4xx_hal_rcc.o
 .comment       0x0000000000000053       0x54 Drivers/STM32F4xx_HAL_Driver/Src/stm32f4xx_hal_uart.o

.debug_frame    0x0000000000000000     0x1b48
 .debug_frame   0x0000000000000000       0x5c Core/Src/ClosetParse.o
 .debug_frame   0x000000000000005c       0x54 Core/Src/WifiConnectDataParse.o
 .debug_frame   0x00000000000000b0       0xe8 Core/Src/main.o
 .debug_frame   0x0000000000000198       0x7c Core/Src/stm32f4xx_hal_msp.o
 .debug_frame   0x0000000000000214      0x13c Core/Src/stm32f4xx_it.o
 .debug_frame   0x0000000000000350       0x58 Core/Src/system_stm32f4xx.o
 .debug_frame   0x00000000000003a8      0x374 Drivers/STM32F4xx_HAL_Driver/Src/stm32f4xx_hal.o
 .debug_frame   0x000000000000071c      0x498 Drivers/STM32F4xx_HAL_Driver/Src/stm32f4xx_hal_cortex.o
 .debug_frame   0x0000000000000bb4      0x250 Drivers/STM32F4xx_HAL_Driver/Src/stm32f4xx_hal_dma.o
 .debug_frame   0x0000000000000e04      0x14c Drivers/STM32F4xx_HAL_Driver/Src/stm32f4xx_hal_gpio.o
 .debug_frame   0x0000000000000f50      0x1f0 Drivers/STM32F4xx_HAL_Driver/Src/stm32f4xx_hal_rcc.o
 .debug_frame   0x0000000000001140      0x92c Drivers/STM32F4xx_HAL_Driver/Src/stm32f4xx_hal_uart.o
 .debug_frame   0x0000000000001a6c       0x2c c:/st/stm32cubeide_1.6.1/stm32cubeide/plugins/com.st.stm32cube.ide.mcu.externaltools.gnu-tools-for-stm32.9-2020-q2-update.win32_1.5.0.202011040924/tools/bin/../lib/gcc/arm-none-eabi/9.3.1/../../../../arm-none-eabi/lib/thumb/v7e-m+fp/hard\libc_nano.a(lib_a-init.o)
 .debug_frame   0x0000000000001a98       0x20 c:/st/stm32cubeide_1.6.1/stm32cubeide/plugins/com.st.stm32cube.ide.mcu.externaltools.gnu-tools-for-stm32.9-2020-q2-update.win32_1.5.0.202011040924/tools/bin/../lib/gcc/arm-none-eabi/9.3.1/../../../../arm-none-eabi/lib/thumb/v7e-m+fp/hard\libc_nano.a(lib_a-memset.o)
 .debug_frame   0x0000000000001ab8       0x30 c:/st/stm32cubeide_1.6.1/stm32cubeide/plugins/com.st.stm32cube.ide.mcu.externaltools.gnu-tools-for-stm32.9-2020-q2-update.win32_1.5.0.202011040924/tools/bin/../lib/gcc/arm-none-eabi/9.3.1/../../../../arm-none-eabi/lib/thumb/v7e-m+fp/hard\libc_nano.a(lib_a-strstr.o)
 .debug_frame   0x0000000000001ae8       0x2c c:/st/stm32cubeide_1.6.1/stm32cubeide/plugins/com.st.stm32cube.ide.mcu.externaltools.gnu-tools-for-stm32.9-2020-q2-update.win32_1.5.0.202011040924/tools/bin/../lib/gcc/arm-none-eabi/9.3.1/thumb/v7e-m+fp/hard\libgcc.a(_aeabi_uldivmod.o)
 .debug_frame   0x0000000000001b14       0x34 c:/st/stm32cubeide_1.6.1/stm32cubeide/plugins/com.st.stm32cube.ide.mcu.externaltools.gnu-tools-for-stm32.9-2020-q2-update.win32_1.5.0.202011040924/tools/bin/../lib/gcc/arm-none-eabi/9.3.1/thumb/v7e-m+fp/hard\libgcc.a(_udivmoddi4.o)
